#-----------------------------------------------------------
# Webtalk v2018.1 (64-bit)
# SW Build 2188600 on Wed Apr  4 18:39:19 MDT 2018
# IP Build 2185939 on Wed Apr  4 20:55:05 MDT 2018
# Start of session at: Sat Dec  7 12:25:55 2019
# Process ID: 16111
# Current directory: /home/alx/xil_proj/zynq_board/current/ip_hls_repo/scurve_adder_1/scurve_adder_1/solution1/sim/verilog
# Command line: wbtcv -mode batch -source /home/alx/xil_proj/zynq_board/current/ip_hls_repo/scurve_adder_1/scurve_adder_1/solution1/sim/verilog/xsim.dir/scurve_adder/webtalk/xsim_webtalk.tcl -notrace
# Log file: /home/alx/xil_proj/zynq_board/current/ip_hls_repo/scurve_adder_1/scurve_adder_1/solution1/sim/verilog/webtalk.log
# Journal file: /home/alx/xil_proj/zynq_board/current/ip_hls_repo/scurve_adder_1/scurve_adder_1/solution1/sim/verilog/webtalk.jou
#-----------------------------------------------------------
source /home/alx/xil_proj/zynq_board/current/ip_hls_repo/scurve_adder_1/scurve_adder_1/solution1/sim/verilog/xsim.dir/scurve_adder/webtalk/xsim_webtalk.tcl -notrace
